###############################################################################
#
# IAR ELF Linker V8.22.1.15669/W32 for ARM                08/Dec/2023  19:05:05
# Copyright 2007-2018 IAR Systems AB.
#
#    Output file  =  C:\Users\pnu1\Documents\Embedded-term\Debug\Exe\test.out
#    Map file     =  C:\Users\pnu1\Documents\Embedded-term\Debug\List\test.map
#    Command line =  
#        -f C:\Users\pnu1\AppData\Local\Temp\EWC21B.tmp
#        (C:\Users\pnu1\Documents\Embedded-term\Debug\Obj\lcd.o
#        C:\Users\pnu1\Documents\Embedded-term\Debug\Obj\main.o
#        C:\Users\pnu1\Documents\Embedded-term\Debug\Obj\misc.o
#        C:\Users\pnu1\Documents\Embedded-term\Debug\Obj\startup_stm32f10x_cl.o
#        C:\Users\pnu1\Documents\Embedded-term\Debug\Obj\stm32f10x_adc.o
#        C:\Users\pnu1\Documents\Embedded-term\Debug\Obj\stm32f10x_bkp.o
#        C:\Users\pnu1\Documents\Embedded-term\Debug\Obj\stm32f10x_can.o
#        C:\Users\pnu1\Documents\Embedded-term\Debug\Obj\stm32f10x_cec.o
#        C:\Users\pnu1\Documents\Embedded-term\Debug\Obj\stm32f10x_crc.o
#        C:\Users\pnu1\Documents\Embedded-term\Debug\Obj\stm32f10x_dac.o
#        C:\Users\pnu1\Documents\Embedded-term\Debug\Obj\stm32f10x_dbgmcu.o
#        C:\Users\pnu1\Documents\Embedded-term\Debug\Obj\stm32f10x_dma.o
#        C:\Users\pnu1\Documents\Embedded-term\Debug\Obj\stm32f10x_exti.o
#        C:\Users\pnu1\Documents\Embedded-term\Debug\Obj\stm32f10x_flash.o
#        C:\Users\pnu1\Documents\Embedded-term\Debug\Obj\stm32f10x_fsmc.o
#        C:\Users\pnu1\Documents\Embedded-term\Debug\Obj\stm32f10x_gpio.o
#        C:\Users\pnu1\Documents\Embedded-term\Debug\Obj\stm32f10x_i2c.o
#        C:\Users\pnu1\Documents\Embedded-term\Debug\Obj\stm32f10x_it.o
#        C:\Users\pnu1\Documents\Embedded-term\Debug\Obj\stm32f10x_iwdg.o
#        C:\Users\pnu1\Documents\Embedded-term\Debug\Obj\stm32f10x_pwr.o
#        C:\Users\pnu1\Documents\Embedded-term\Debug\Obj\stm32f10x_rcc.o
#        C:\Users\pnu1\Documents\Embedded-term\Debug\Obj\stm32f10x_rtc.o
#        C:\Users\pnu1\Documents\Embedded-term\Debug\Obj\stm32f10x_sdio.o
#        C:\Users\pnu1\Documents\Embedded-term\Debug\Obj\stm32f10x_spi.o
#        C:\Users\pnu1\Documents\Embedded-term\Debug\Obj\stm32f10x_tim.o
#        C:\Users\pnu1\Documents\Embedded-term\Debug\Obj\stm32f10x_usart.o
#        C:\Users\pnu1\Documents\Embedded-term\Debug\Obj\stm32f10x_wwdg.o
#        C:\Users\pnu1\Documents\Embedded-term\Debug\Obj\system_stm32f10x.o
#        C:\Users\pnu1\Documents\Embedded-term\Debug\Obj\touch.o -o
#        C:\Users\pnu1\Documents\Embedded-term\Debug\Exe\test.out --map
#        C:\Users\pnu1\Documents\Embedded-term\Debug\List\test.map --log
#        libraries,initialization,modules,redirects,sections,veneers,unused_fragments,call_graph
#        --log_file C:\Users\pnu1\Documents\Embedded-term\Debug\List\test.log
#        --config "C:\Program Files (x86)\IAR Systems\Embedded Workbench
#        8.0\arm\config\linker\ST\stm32f107xC.icf" --semihosting --entry
#        __iar_program_start --vfe --text_out locale)
#
###############################################################################

*******************************************************************************
*** RUNTIME MODEL ATTRIBUTES
***

CppFlavor       = *
__SystemLibrary = DLib
__dlib_version  = 6


*******************************************************************************
*** HEAP SELECTION
***

The basic heap was selected because no calls to memory allocation
functions were found in the application outside of system library
functions, and there are calls to deallocation functions in the
application.


*******************************************************************************
*** PLACEMENT SUMMARY
***

"A0":  place at 0x08000000 { ro section .intvec };
"P1":  place in [from 0x08000000 to 0x0803ffff] { ro };
define block CSTACK with size = 4K, alignment = 8 { };
define block HEAP with size = 4K, alignment = 8 { };
"P2":  place in [from 0x20000000 to 0x2000ffff] {
          rw, block CSTACK, block HEAP };
initialize by copy { rw };

  Section            Kind        Address    Size  Object
  -------            ----        -------    ----  ------
"A0":                                      0x150
  .intvec            ro code  0x08000000   0x150  startup_stm32f10x_cl.o [1]
                            - 0x08000150   0x150

"P1":                                     0x3233
  .text              ro code  0x08000150   0xaac  main.o [1]
  .text              ro code  0x08000bfc   0x168  stm32f10x_rcc.o [1]
  .text              ro code  0x08000d64    0xdc  stm32f10x_gpio.o [1]
  .text              ro code  0x08000e40   0x1e0  stm32f10x_tim.o [1]
  .text              ro code  0x08001020   0x1a4  stm32f10x_usart.o [1]
  .text              ro code  0x080011c4    0x80  misc.o [1]
  .text              ro code  0x08001244   0x1de  stm32f10x_adc.o [1]
  .text              ro code  0x08001424   0x1a4  system_stm32f10x.o [1]
  .text              ro code  0x080015c8   0xa58  lcd.o [1]
  .rodata            const    0x08002020   0x5f0  lcd.o [1]
  .rodata            const    0x08002610   0x594  lcd.o [1]
  .rodata            const    0x08002ba4   0x474  lcd.o [1]
  .text              ro code  0x08003018    0x38  packbits_init_single.o [5]
  .text              ro code  0x08003050    0x28  data_init.o [5]
  .iar.init_table    const    0x08003078    0x10  - Linker created -
  .text              ro code  0x08003088    0x1e  cmain.o [5]
  .text              ro code  0x080030a6     0x4  low_level_init.o [3]
  .text              ro code  0x080030aa     0x4  exit.o [3]
  .text              ro code  0x080030b0     0xa  cexit.o [5]
  .text              ro code  0x080030bc    0x14  exit.o [6]
  .rodata            const    0x080030d0    0x18  main.o [1]
  .rodata            const    0x080030e8    0x18  main.o [1]
  .rodata            const    0x08003100    0x14  main.o [1]
  .rodata            const    0x08003114    0x14  main.o [1]
  .text              ro code  0x08003128    0x12  stm32f10x_it.o [1]
  .rodata            const    0x0800313c    0x10  main.o [1]
  .rodata            const    0x0800314c    0x10  main.o [1]
  .text              ro code  0x0800315c    0x10  startup_stm32f10x_cl.o [1]
  .rodata            const    0x0800316c     0xc  main.o [1]
  .rodata            const    0x08003178     0xc  main.o [1]
  .text              ro code  0x08003184     0xc  cstartup_M.o [5]
  .text              ro code  0x08003190     0x4  startup_stm32f10x_cl.o [1]
  .text              ro code  0x08003194     0x4  startup_stm32f10x_cl.o [1]
  .text              ro code  0x08003198     0x4  startup_stm32f10x_cl.o [1]
  .text              ro code  0x0800319c     0x4  startup_stm32f10x_cl.o [1]
  .text              ro code  0x080031a0     0x4  startup_stm32f10x_cl.o [1]
  .text              ro code  0x080031a4     0x4  startup_stm32f10x_cl.o [1]
  .text              ro code  0x080031a8     0x4  startup_stm32f10x_cl.o [1]
  .text              ro code  0x080031ac     0x4  startup_stm32f10x_cl.o [1]
  .text              ro code  0x080031b0     0x4  startup_stm32f10x_cl.o [1]
  .text              ro code  0x080031b4     0x4  startup_stm32f10x_cl.o [1]
  .text              ro code  0x080031b8     0x4  startup_stm32f10x_cl.o [1]
  .text              ro code  0x080031bc     0x4  startup_stm32f10x_cl.o [1]
  .text              ro code  0x080031c0     0x4  startup_stm32f10x_cl.o [1]
  .text              ro code  0x080031c4     0x4  startup_stm32f10x_cl.o [1]
  .text              ro code  0x080031c8     0x4  startup_stm32f10x_cl.o [1]
  .text              ro code  0x080031cc     0x4  startup_stm32f10x_cl.o [1]
  .text              ro code  0x080031d0     0x4  startup_stm32f10x_cl.o [1]
  .text              ro code  0x080031d4     0x4  startup_stm32f10x_cl.o [1]
  .text              ro code  0x080031d8     0x4  startup_stm32f10x_cl.o [1]
  .text              ro code  0x080031dc     0x4  startup_stm32f10x_cl.o [1]
  .text              ro code  0x080031e0     0x4  startup_stm32f10x_cl.o [1]
  .text              ro code  0x080031e4     0x4  startup_stm32f10x_cl.o [1]
  .text              ro code  0x080031e8     0x4  startup_stm32f10x_cl.o [1]
  .text              ro code  0x080031ec     0x4  startup_stm32f10x_cl.o [1]
  .text              ro code  0x080031f0     0x4  startup_stm32f10x_cl.o [1]
  .text              ro code  0x080031f4     0x4  startup_stm32f10x_cl.o [1]
  .text              ro code  0x080031f8     0x4  startup_stm32f10x_cl.o [1]
  .text              ro code  0x080031fc     0x4  startup_stm32f10x_cl.o [1]
  .text              ro code  0x08003200     0x4  startup_stm32f10x_cl.o [1]
  .text              ro code  0x08003204     0x4  startup_stm32f10x_cl.o [1]
  .text              ro code  0x08003208     0x4  startup_stm32f10x_cl.o [1]
  .text              ro code  0x0800320c     0x4  startup_stm32f10x_cl.o [1]
  .text              ro code  0x08003210     0x4  startup_stm32f10x_cl.o [1]
  .text              ro code  0x08003214     0x4  startup_stm32f10x_cl.o [1]
  .text              ro code  0x08003218     0x4  startup_stm32f10x_cl.o [1]
  .text              ro code  0x0800321c     0x4  startup_stm32f10x_cl.o [1]
  .text              ro code  0x08003220     0x4  startup_stm32f10x_cl.o [1]
  .text              ro code  0x08003224     0x4  startup_stm32f10x_cl.o [1]
  .text              ro code  0x08003228     0x4  startup_stm32f10x_cl.o [1]
  .text              ro code  0x0800322c     0x4  startup_stm32f10x_cl.o [1]
  .text              ro code  0x08003230     0x4  startup_stm32f10x_cl.o [1]
  .text              ro code  0x08003234     0x4  startup_stm32f10x_cl.o [1]
  .text              ro code  0x08003238     0x4  startup_stm32f10x_cl.o [1]
  .text              ro code  0x0800323c     0x4  startup_stm32f10x_cl.o [1]
  .text              ro code  0x08003240     0x4  startup_stm32f10x_cl.o [1]
  .text              ro code  0x08003244     0x4  startup_stm32f10x_cl.o [1]
  .text              ro code  0x08003248     0x4  startup_stm32f10x_cl.o [1]
  .text              ro code  0x0800324c     0x4  startup_stm32f10x_cl.o [1]
  .text              ro code  0x08003250     0x4  startup_stm32f10x_cl.o [1]
  .text              ro code  0x08003254     0x4  startup_stm32f10x_cl.o [1]
  .text              ro code  0x08003258     0x4  startup_stm32f10x_cl.o [1]
  .text              ro code  0x0800325c     0x4  startup_stm32f10x_cl.o [1]
  .text              ro code  0x08003260     0x4  startup_stm32f10x_cl.o [1]
  .text              ro code  0x08003264     0x4  startup_stm32f10x_cl.o [1]
  .text              ro code  0x08003268     0x4  startup_stm32f10x_cl.o [1]
  .text              ro code  0x0800326c     0x4  startup_stm32f10x_cl.o [1]
  .text              ro code  0x08003270     0x4  startup_stm32f10x_cl.o [1]
  .text              ro code  0x08003274     0x4  startup_stm32f10x_cl.o [1]
  .text              ro code  0x08003278     0x4  startup_stm32f10x_cl.o [1]
  .text              ro code  0x0800327c     0x4  startup_stm32f10x_cl.o [1]
  .text              ro code  0x08003280     0x4  startup_stm32f10x_cl.o [1]
  .text              ro code  0x08003284     0x4  startup_stm32f10x_cl.o [1]
  .text              ro code  0x08003288     0x4  startup_stm32f10x_cl.o [1]
  .text              ro code  0x0800328c     0x4  startup_stm32f10x_cl.o [1]
  .text              ro code  0x08003290     0x4  startup_stm32f10x_cl.o [1]
  .text              ro code  0x08003294     0x4  startup_stm32f10x_cl.o [1]
  .text              ro code  0x08003298     0x4  startup_stm32f10x_cl.o [1]
  .text              ro code  0x0800329c     0x4  startup_stm32f10x_cl.o [1]
  .text              ro code  0x080032a0     0x4  startup_stm32f10x_cl.o [1]
  .text              ro code  0x080032a4     0x4  startup_stm32f10x_cl.o [1]
  .rodata            const    0x080032a8     0x0  packbits_init_single.o [5]
  Initializer bytes  const    0x080032a8    0xdb  <for P2-1>
                            - 0x08003383  0x3233

"P2", part 1 of 2:                          0xf1
  P2-1                        0x20000000    0xf1  <Init block>
    .data            inited   0x20000000     0x4  main.o [1]
    .data            inited   0x20000004     0x4  main.o [1]
    .data            inited   0x20000008    0x10  main.o [1]
    .data            inited   0x20000018    0x10  main.o [1]
    .data            inited   0x20000028    0x14  main.o [1]
    .data            inited   0x2000003c    0x14  main.o [1]
    .data            inited   0x20000050    0x1c  main.o [1]
    .data            inited   0x2000006c    0x2c  main.o [1]
    .data            inited   0x20000098    0x18  main.o [1]
    .data            inited   0x200000b0    0x14  main.o [1]
    .data            inited   0x200000c4    0x10  stm32f10x_rcc.o [1]
    .data            inited   0x200000d4     0x4  stm32f10x_rcc.o [1]
    .bss             inited   0x200000d8     0x4  main.o [1]
    .bss             inited   0x200000dc     0x4  main.o [1]
    .bss             inited   0x200000e0     0x4  main.o [1]
    .bss             inited   0x200000e4     0x2  lcd.o [1]
    .bss             inited   0x200000e6     0x2  main.o [1]
    .bss             inited   0x200000e8     0x2  main.o [1]
    .data            inited   0x200000ea     0x1  main.o [1]
    .bss             inited   0x200000eb     0x1  main.o [1]
    .bss             inited   0x200000ec     0x1  main.o [1]
    .bss             inited   0x200000ed     0x1  main.o [1]
    .bss             inited   0x200000ee     0x1  main.o [1]
    .bss             inited   0x200000ef     0x1  main.o [1]
    .bss             inited   0x200000f0     0x1  main.o [1]
                            - 0x200000f1    0xf1

"P2", part 2 of 2:                        0x1000
  CSTACK                      0x200000f8  0x1000  <Block>
    CSTACK           uninit   0x200000f8  0x1000  <Block tail>
                            - 0x200010f8  0x1000


*******************************************************************************
*** INIT TABLE
***

          Address     Size
          -------     ----
Copy/packbits (__iar_packbits_init_single3)
    1 source range, total size 0xdb (90% of destination):
          0x080032a8  0xdb
    1 destination range, total size 0xf1:
          0x20000000  0xf1



*******************************************************************************
*** MODULE SUMMARY
***

    Module                  ro code  ro data  rw data
    ------                  -------  -------  -------
C:\Users\pnu1\Documents\Embedded-term\Debug\Obj: [1]
    lcd.o                     2 648    4 090        2
    main.o                    2 732      343      219
    misc.o                      128
    startup_stm32f10x_cl.o      632
    stm32f10x_adc.o             478
    stm32f10x_gpio.o            220
    stm32f10x_it.o               18
    stm32f10x_rcc.o             360       18       20
    stm32f10x_tim.o             480
    stm32f10x_usart.o           420
    system_stm32f10x.o          420
    -------------------------------------------------
    Total:                    8 536    4 451      241

command line: [2]
    -------------------------------------------------
    Total:

dl7M_tln.a: [3]
    exit.o                        4
    low_level_init.o              4
    -------------------------------------------------
    Total:                        8

m7M_tl.a: [4]
    -------------------------------------------------
    Total:

rt7M_tl.a: [5]
    cexit.o                      10
    cmain.o                      30
    cstartup_M.o                 12
    data_init.o                  40
    packbits_init_single.o       56
    -------------------------------------------------
    Total:                      148

shb_l.a: [6]
    exit.o                       20
    -------------------------------------------------
    Total:                       20

    Gaps                          6        2
    Linker created                        16    4 096
-----------------------------------------------------
    Grand Total:              8 718    4 469    4 337


*******************************************************************************
*** ENTRY LIST
***

Entry                      Address   Size  Type      Object
-----                      -------   ----  ----      ------
.iar.init_table$$Base   0x08003078          --   Gb  - Linker created -
.iar.init_table$$Limit  0x08003088          --   Gb  - Linker created -
?main                   0x08003089         Code  Gb  cmain.o [5]
ADC1_2_IRQHandler       0x08000671   0xa8  Code  Gb  main.o [1]
ADCPrescTable           0x200000d4    0x4  Data  Lc  stm32f10x_rcc.o [1]
ADC_ClearITPendingBit   0x08001415    0xe  Code  Gb  stm32f10x_adc.o [1]
ADC_Cmd                 0x0800128f   0x1a  Code  Gb  stm32f10x_adc.o [1]
ADC_Configure           0x0800048d   0xec  Code  Gb  main.o [1]
ADC_GetCalibrationStatus
                        0x080012ed   0x12  Code  Gb  stm32f10x_adc.o [1]
ADC_GetConversionValue  0x080013df    0x6  Code  Gb  stm32f10x_adc.o [1]
ADC_GetITStatus         0x080013ed   0x28  Code  Gb  stm32f10x_adc.o [1]
ADC_GetResetCalibrationStatus
                        0x080012d1   0x12  Code  Gb  stm32f10x_adc.o [1]
ADC_ITConfig            0x080012a9   0x1e  Code  Gb  stm32f10x_adc.o [1]
ADC_Init                0x08001245   0x4a  Code  Gb  stm32f10x_adc.o [1]
ADC_RegularChannelConfig
                        0x08001319   0xc6  Code  Gb  stm32f10x_adc.o [1]
ADC_ResetCalibration    0x080012c7    0xa  Code  Gb  stm32f10x_adc.o [1]
ADC_SoftwareStartConvCmd
                        0x080012ff   0x1a  Code  Gb  stm32f10x_adc.o [1]
ADC_StartCalibration    0x080012e3    0xa  Code  Gb  stm32f10x_adc.o [1]
APBAHBPrescTable        0x200000c4   0x10  Data  Lc  stm32f10x_rcc.o [1]
BusFault_Handler        0x0800312f    0x2  Code  Gb  stm32f10x_it.o [1]
CSTACK$$Base            0x200000f8          --   Gb  - Linker created -
CSTACK$$Limit           0x200010f8          --   Gb  - Linker created -
DebugMon_Handler        0x08003135    0x2  Code  Gb  stm32f10x_it.o [1]
DeviceCode              0x200000e4    0x2  Data  Gb  lcd.o [1]
GBHZ_16                 0x08002610  0x594  Data  Gb  lcd.o [1]
GPIO_Configure          0x080001c9   0xa2  Code  Gb  main.o [1]
GPIO_Init               0x08000d65   0xc4  Code  Gb  stm32f10x_gpio.o [1]
GPIO_ReadInputData      0x08000e29    0x6  Code  Gb  stm32f10x_gpio.o [1]
GPIO_ResetBits          0x08000e35    0x6  Code  Gb  stm32f10x_gpio.o [1]
GPIO_SetBits            0x08000e2f    0x6  Code  Gb  stm32f10x_gpio.o [1]
GPIO_Write              0x08000e3b    0x6  Code  Gb  stm32f10x_gpio.o [1]
HardFault_Handler       0x0800312b    0x2  Code  Gb  stm32f10x_it.o [1]
LCD_Clear               0x08001b31   0x28  Code  Gb  lcd.o [1]
LCD_Configuration       0x0800171d   0x9c  Code  Lc  lcd.o [1]
LCD_Delay               0x080017b9   0x26  Code  Lc  lcd.o [1]
LCD_Init                0x080017f7  0x33a  Code  Gb  lcd.o [1]
LCD_ReadReg             0x08001665   0x90  Code  Lc  lcd.o [1]
LCD_SetCursor           0x08001b59   0x3e  Code  Gb  lcd.o [1]
LCD_ShowChar            0x08001bd7  0x100  Code  Gb  lcd.o [1]
LCD_ShowCharString      0x08001cd7   0x58  Code  Gb  lcd.o [1]
LCD_ShowHzString        0x08001f9f   0x62  Code  Gb  lcd.o [1]
LCD_ShowNum             0x08001d2f   0xe8  Code  Gb  lcd.o [1]
LCD_ShowString          0x08001e17   0x5e  Code  Gb  lcd.o [1]
LCD_WR_DATA             0x08001617   0x4e  Code  Lc  lcd.o [1]
LCD_WR_REG              0x080015c9   0x4e  Code  Lc  lcd.o [1]
LCD_WindowMax           0x08001b97   0x40  Code  Gb  lcd.o [1]
LCD_WriteRAM            0x08001713    0xa  Code  Lc  lcd.o [1]
LCD_WriteRAM_Prepare    0x08001709    0xa  Code  Lc  lcd.o [1]
LCD_WriteReg            0x080016f5   0x14  Code  Lc  lcd.o [1]
LED_Off                 0x08000845   0x18  Code  Gb  main.o [1]
LED_On                  0x0800082d   0x18  Code  Gb  main.o [1]
LIGHT_FLAG              0x20000004    0x4  Data  Gb  main.o [1]
MemManage_Handler       0x0800312d    0x2  Code  Gb  stm32f10x_it.o [1]
NMI_Handler             0x08003129    0x2  Code  Gb  stm32f10x_it.o [1]
NVIC_Configure          0x08000403   0x8a  Code  Gb  main.o [1]
NVIC_Init               0x080011cf   0x60  Code  Gb  misc.o [1]
NVIC_PriorityGroupConfig
                        0x080011c5    0xa  Code  Gb  misc.o [1]
PendSV_Handler          0x08003137    0x2  Code  Gb  stm32f10x_it.o [1]
RCC_APB1PeriphClockCmd  0x08000d21   0x20  Code  Gb  stm32f10x_rcc.o [1]
RCC_APB2PeriphClockCmd  0x08000d01   0x20  Code  Gb  stm32f10x_rcc.o [1]
RCC_Configure           0x0800016f   0x5a  Code  Gb  main.o [1]
RCC_GetClocksFreq       0x08000bfd  0x104  Code  Gb  stm32f10x_rcc.o [1]
Region$$Table$$Base     0x08003078          --   Gb  - Linker created -
Region$$Table$$Limit    0x08003088          --   Gb  - Linker created -
SMOKE_FLAG              0x20000000    0x4  Data  Gb  main.o [1]
SVC_Handler             0x08003133    0x2  Code  Gb  stm32f10x_it.o [1]
Servo_negamove          0x0800034f   0x3a  Code  Gb  main.o [1]
Servo_posimove          0x08000315   0x3a  Code  Gb  main.o [1]
SetSysClock             0x0800148b    0x8  Code  Lc  system_stm32f10x.o [1]
SetSysClockTo72         0x08001493  0x110  Code  Lc  system_stm32f10x.o [1]
SysTick_Handler         0x08003139    0x2  Code  Gb  stm32f10x_it.o [1]
SystemInit              0x08001425   0x66  Code  Gb  system_stm32f10x.o [1]
TIM2_IRQHandler         0x08000719   0x78  Code  Gb  main.o [1]
TIM_ARRPreloadConfig    0x08000f9b   0x1c  Code  Gb  stm32f10x_tim.o [1]
TIM_ClearITPendingBit   0x08000fef    0x8  Code  Gb  stm32f10x_tim.o [1]
TIM_Cmd                 0x08000f67   0x1c  Code  Gb  stm32f10x_tim.o [1]
TIM_Configure           0x0800026b   0xaa  Code  Gb  main.o [1]
TIM_GetITStatus         0x08000fcb   0x24  Code  Gb  stm32f10x_tim.o [1]
TIM_ITConfig            0x08000f83   0x18  Code  Gb  stm32f10x_tim.o [1]
TIM_OC1Init             0x08000ed3   0x94  Code  Gb  stm32f10x_tim.o [1]
TIM_OC1PreloadConfig    0x08000fb7   0x10  Code  Gb  stm32f10x_tim.o [1]
TIM_SetCompare1         0x08000fc7    0x4  Code  Gb  stm32f10x_tim.o [1]
TIM_TimeBaseInit        0x08000e41   0x92  Code  Gb  stm32f10x_tim.o [1]
USART2_IRQHandler       0x08000579   0xde  Code  Gb  main.o [1]
USART2_Init             0x080003b7   0x4c  Code  Gb  main.o [1]
USART_ClearITPendingBit
                        0x080011af   0x16  Code  Gb  stm32f10x_usart.o [1]
USART_Cmd               0x080010dd   0x1c  Code  Gb  stm32f10x_usart.o [1]
USART_GetITStatus       0x08001153   0x5c  Code  Gb  stm32f10x_usart.o [1]
USART_ITConfig          0x080010f9   0x4a  Code  Gb  stm32f10x_usart.o [1]
USART_Init              0x08001021   0xb6  Code  Gb  stm32f10x_usart.o [1]
USART_ReceiveData       0x0800114b    0x8  Code  Gb  stm32f10x_usart.o [1]
USART_SendData          0x08001143    0x8  Code  Gb  stm32f10x_usart.o [1]
UsageFault_Handler      0x08003131    0x2  Code  Gb  stm32f10x_it.o [1]
WriteOneHz              0x08001ebd   0xe2  Code  Lc  lcd.o [1]
__NVIC_EnableIRQ        0x08000151   0x1e  Code  Lc  main.o [1]
__cmain                 0x08003089         Code  Gb  cmain.o [5]
__exit                  0x080030bd   0x14  Code  Gb  exit.o [6]
__iar_data_init3        0x08003051   0x28  Code  Gb  data_init.o [5]
__iar_packbits_init_single3
                        0x08003019   0x38  Code  Gb  packbits_init_single.o [5]
__iar_program_start     0x08003185         Code  Gb  cstartup_M.o [5]
__iar_systems$$module {Abs}
                        0x00000001         Data  Gb  command line/config [2]
__low_level_init        0x080030a7    0x4  Code  Gb  low_level_init.o [3]
__vector_table          0x08000000         Data  Gb  startup_stm32f10x_cl.o [1]
_call_main              0x08003095         Code  Gb  cmain.o [5]
_exit                   0x080030b1         Code  Gb  cexit.o [5]
_main                   0x080030a3         Code  Gb  cmain.o [5]
analogData_1            0x200000e6    0x2  Data  Gb  main.o [1]
analogData_2            0x200000e8    0x2  Data  Gb  main.o [1]
asc2_1206               0x08002ba4  0x474  Data  Gb  lcd.o [1]
asc2_1608               0x08002020  0x5f0  Data  Gb  lcd.o [1]
current_time            0x200000dc    0x4  Data  Gb  main.o [1]
delay_ms                0x08000389   0x2e  Code  Gb  main.o [1]
enableTimer             0x200000ee    0x1  Data  Gb  main.o [1]
exit                    0x080030ab    0x4  Code  Gb  exit.o [3]
findHzIndex             0x08001e75   0x48  Code  Lc  lcd.o [1]
isClosed                0x200000ea    0x1  Data  Gb  main.o [1]
isLed                   0x200000ed    0x1  Data  Gb  main.o [1]
isSpin                  0x200000eb    0x1  Data  Gb  main.o [1]
isStart                 0x200000ec    0x1  Data  Gb  main.o [1]
isWindowClosing         0x200000f0    0x1  Data  Gb  main.o [1]
isWindowOpening         0x200000ef    0x1  Data  Gb  main.o [1]
main                    0x0800085d  0x2fe  Code  Gb  main.o [1]
message_index           0x200000e0    0x4  Data  Gb  main.o [1]
msg1                    0x20000008   0x10  Data  Gb  main.o [1]
msg2                    0x20000018   0x10  Data  Gb  main.o [1]
msg3_close              0x2000003c   0x14  Data  Gb  main.o [1]
msg3_open               0x20000028   0x14  Data  Gb  main.o [1]
msg4_smoke_bad          0x2000006c   0x2c  Data  Gb  main.o [1]
msg4_smoke_good         0x20000050   0x1c  Data  Gb  main.o [1]
msg5                    0x20000098   0x18  Data  Gb  main.o [1]
msg6                    0x200000b0   0x14  Data  Gb  main.o [1]
mypow                   0x080017df   0x18  Code  Lc  lcd.o [1]
sendDataUART2           0x08000657   0x1a  Code  Gb  main.o [1]
startMotor              0x080007b5   0x40  Code  Gb  main.o [1]
startVen                0x08000791   0x24  Code  Gb  main.o [1]
stopMotor               0x080007f5   0x38  Code  Gb  main.o [1]
timer_status            0x200000d8    0x4  Data  Gb  main.o [1]


[1] = C:\Users\pnu1\Documents\Embedded-term\Debug\Obj
[2] = command line
[3] = dl7M_tln.a
[4] = m7M_tl.a
[5] = rt7M_tl.a
[6] = shb_l.a

  8 718 bytes of readonly  code memory
  4 469 bytes of readonly  data memory
  4 337 bytes of readwrite data memory

Errors: none
Warnings: none
