###############################################################################
#
# IAR ELF Linker V8.22.1.15669/W32 for ARM                23/Nov/2023  19:24:28
# Copyright 2007-2018 IAR Systems AB.
#
#    Output file  =  
#        C:\Users\pnu1\Documents\project_test_w3_G1\Debug\Exe\test.out
#    Map file     =  
#        C:\Users\pnu1\Documents\project_test_w3_G1\Debug\List\test.map
#    Command line =  
#        -f C:\Users\pnu1\AppData\Local\Temp\EWFEEA.tmp
#        (C:\Users\pnu1\Documents\project_test_w3_G1\Debug\Obj\lcd.o
#        C:\Users\pnu1\Documents\project_test_w3_G1\Debug\Obj\main.o
#        C:\Users\pnu1\Documents\project_test_w3_G1\Debug\Obj\misc.o
#        C:\Users\pnu1\Documents\project_test_w3_G1\Debug\Obj\startup_stm32f10x_cl.o
#        C:\Users\pnu1\Documents\project_test_w3_G1\Debug\Obj\stm32f10x_adc.o
#        C:\Users\pnu1\Documents\project_test_w3_G1\Debug\Obj\stm32f10x_bkp.o
#        C:\Users\pnu1\Documents\project_test_w3_G1\Debug\Obj\stm32f10x_can.o
#        C:\Users\pnu1\Documents\project_test_w3_G1\Debug\Obj\stm32f10x_cec.o
#        C:\Users\pnu1\Documents\project_test_w3_G1\Debug\Obj\stm32f10x_crc.o
#        C:\Users\pnu1\Documents\project_test_w3_G1\Debug\Obj\stm32f10x_dac.o
#        C:\Users\pnu1\Documents\project_test_w3_G1\Debug\Obj\stm32f10x_dbgmcu.o
#        C:\Users\pnu1\Documents\project_test_w3_G1\Debug\Obj\stm32f10x_dma.o
#        C:\Users\pnu1\Documents\project_test_w3_G1\Debug\Obj\stm32f10x_exti.o
#        C:\Users\pnu1\Documents\project_test_w3_G1\Debug\Obj\stm32f10x_flash.o
#        C:\Users\pnu1\Documents\project_test_w3_G1\Debug\Obj\stm32f10x_fsmc.o
#        C:\Users\pnu1\Documents\project_test_w3_G1\Debug\Obj\stm32f10x_gpio.o
#        C:\Users\pnu1\Documents\project_test_w3_G1\Debug\Obj\stm32f10x_i2c.o
#        C:\Users\pnu1\Documents\project_test_w3_G1\Debug\Obj\stm32f10x_it.o
#        C:\Users\pnu1\Documents\project_test_w3_G1\Debug\Obj\stm32f10x_iwdg.o
#        C:\Users\pnu1\Documents\project_test_w3_G1\Debug\Obj\stm32f10x_pwr.o
#        C:\Users\pnu1\Documents\project_test_w3_G1\Debug\Obj\stm32f10x_rcc.o
#        C:\Users\pnu1\Documents\project_test_w3_G1\Debug\Obj\stm32f10x_rtc.o
#        C:\Users\pnu1\Documents\project_test_w3_G1\Debug\Obj\stm32f10x_sdio.o
#        C:\Users\pnu1\Documents\project_test_w3_G1\Debug\Obj\stm32f10x_spi.o
#        C:\Users\pnu1\Documents\project_test_w3_G1\Debug\Obj\stm32f10x_tim.o
#        C:\Users\pnu1\Documents\project_test_w3_G1\Debug\Obj\stm32f10x_usart.o
#        C:\Users\pnu1\Documents\project_test_w3_G1\Debug\Obj\stm32f10x_wwdg.o
#        C:\Users\pnu1\Documents\project_test_w3_G1\Debug\Obj\system_stm32f10x.o
#        C:\Users\pnu1\Documents\project_test_w3_G1\Debug\Obj\touch.o -o
#        C:\Users\pnu1\Documents\project_test_w3_G1\Debug\Exe\test.out --map
#        C:\Users\pnu1\Documents\project_test_w3_G1\Debug\List\test.map --log
#        libraries,initialization,modules,redirects,sections,veneers,unused_fragments,call_graph
#        --log_file
#        C:\Users\pnu1\Documents\project_test_w3_G1\Debug\List\test.log
#        --config "C:\Program Files (x86)\IAR Systems\Embedded Workbench
#        8.0\arm\config\linker\ST\stm32f107xC.icf" --semihosting --entry
#        __iar_program_start --vfe --text_out locale)
#
###############################################################################

*******************************************************************************
*** RUNTIME MODEL ATTRIBUTES
***

CppFlavor       = *
__SystemLibrary = DLib
__dlib_version  = 6


*******************************************************************************
*** HEAP SELECTION
***

The basic heap was selected because no calls to memory allocation
functions were found in the application outside of system library
functions, and there are calls to deallocation functions in the
application.


*******************************************************************************
*** PLACEMENT SUMMARY
***

"A0":  place at 0x08000000 { ro section .intvec };
"P1":  place in [from 0x08000000 to 0x0803ffff] { ro };
define block CSTACK with size = 4K, alignment = 8 { };
define block HEAP with size = 4K, alignment = 8 { };
"P2":  place in [from 0x20000000 to 0x2000ffff] {
          rw, block CSTACK, block HEAP };

  Section          Kind        Address    Size  Object
  -------          ----        -------    ----  ------
"A0":                                    0x150
  .intvec          ro code  0x08000000   0x150  startup_stm32f10x_cl.o [1]
                          - 0x08000150   0x150

"P1":                                   0x3078
  .text            ro code  0x08000150   0xb80  lcd.o [1]
  .text            ro code  0x08000cd0    0xdc  stm32f10x_gpio.o [1]
  .text            ro code  0x08000dac    0x48  stm32f10x_rcc.o [1]
  .text            ro code  0x08000df4     0x8  abs.o [3]
  .text            ro code  0x08000dfc   0x744  touch.o [1]
  .text            ro code  0x08001540    0x1a  U32ToDbl.o [4]
  .text            ro code  0x0800155c    0xf2  sqrt.o [4]
  .text            ro code  0x08001650    0x3a  DblToS32.o [4]
  .text            ro code  0x0800168c    0x1c  U32ToFlt.o [4]
  .text            ro code  0x080016a8    0xfc  FltDiv.o [4]
  .text            ro code  0x080017a4    0x24  FltCmpLe.o [4]
  .text            ro code  0x080017c8    0x24  FltCmpGe.o [4]
  .text            ro code  0x080017ec    0x24  S32ToFlt.o [4]
  .text            ro code  0x08001810    0xd8  FltMul.o [4]
  .text            ro code  0x080018e8    0x80  FltSub.o [4]
  .text            ro code  0x08001968    0x2a  FltToS32.o [4]
  .text            ro code  0x08001994    0xd6  FltAdd.o [4]
  .rodata          const    0x08001a6c   0x5f0  lcd.o [1]
  .rodata          const    0x0800205c   0x594  lcd.o [1]
  .rodata          const    0x080025f0   0x474  lcd.o [1]
  .text            ro code  0x08002a64   0x1b4  main.o [1]
  .text            ro code  0x08002c18   0x1a0  stm32f10x_adc.o [1]
  .text            ro code  0x08002db8    0x58  stm32f10x_dma.o [1]
  .text            ro code  0x08002e10   0x1a4  system_stm32f10x.o [1]
  .text            ro code  0x08002fb4    0x40  zero_init3.o [5]
  .text            ro code  0x08002ff4    0x28  data_init.o [5]
  .iar.init_table  const    0x0800301c    0x10  - Linker created -
  .text            ro code  0x0800302c    0x1e  cmain.o [5]
  .text            ro code  0x0800304a     0x4  low_level_init.o [3]
  .text            ro code  0x0800304e     0x4  exit.o [3]
  .text            ro code  0x08003054     0xa  cexit.o [5]
  .text            ro code  0x08003060    0x14  exit.o [6]
  .text            ro code  0x08003074    0x12  stm32f10x_it.o [1]
  .text            ro code  0x08003088    0x10  startup_stm32f10x_cl.o [1]
  .rodata          const    0x08003098     0xc  main.o [1]
  .text            ro code  0x080030a4     0xc  cstartup_M.o [5]
  .text            ro code  0x080030b0     0x4  startup_stm32f10x_cl.o [1]
  .text            ro code  0x080030b4     0x4  startup_stm32f10x_cl.o [1]
  .text            ro code  0x080030b8     0x4  startup_stm32f10x_cl.o [1]
  .text            ro code  0x080030bc     0x4  startup_stm32f10x_cl.o [1]
  .text            ro code  0x080030c0     0x4  startup_stm32f10x_cl.o [1]
  .text            ro code  0x080030c4     0x4  startup_stm32f10x_cl.o [1]
  .text            ro code  0x080030c8     0x4  startup_stm32f10x_cl.o [1]
  .text            ro code  0x080030cc     0x4  startup_stm32f10x_cl.o [1]
  .text            ro code  0x080030d0     0x4  startup_stm32f10x_cl.o [1]
  .text            ro code  0x080030d4     0x4  startup_stm32f10x_cl.o [1]
  .text            ro code  0x080030d8     0x4  startup_stm32f10x_cl.o [1]
  .text            ro code  0x080030dc     0x4  startup_stm32f10x_cl.o [1]
  .text            ro code  0x080030e0     0x4  startup_stm32f10x_cl.o [1]
  .text            ro code  0x080030e4     0x4  startup_stm32f10x_cl.o [1]
  .text            ro code  0x080030e8     0x4  startup_stm32f10x_cl.o [1]
  .text            ro code  0x080030ec     0x4  startup_stm32f10x_cl.o [1]
  .text            ro code  0x080030f0     0x4  startup_stm32f10x_cl.o [1]
  .text            ro code  0x080030f4     0x4  startup_stm32f10x_cl.o [1]
  .text            ro code  0x080030f8     0x4  startup_stm32f10x_cl.o [1]
  .text            ro code  0x080030fc     0x4  startup_stm32f10x_cl.o [1]
  .text            ro code  0x08003100     0x4  startup_stm32f10x_cl.o [1]
  .text            ro code  0x08003104     0x4  startup_stm32f10x_cl.o [1]
  .text            ro code  0x08003108     0x4  startup_stm32f10x_cl.o [1]
  .text            ro code  0x0800310c     0x4  startup_stm32f10x_cl.o [1]
  .text            ro code  0x08003110     0x4  startup_stm32f10x_cl.o [1]
  .text            ro code  0x08003114     0x4  startup_stm32f10x_cl.o [1]
  .text            ro code  0x08003118     0x4  startup_stm32f10x_cl.o [1]
  .text            ro code  0x0800311c     0x4  startup_stm32f10x_cl.o [1]
  .text            ro code  0x08003120     0x4  startup_stm32f10x_cl.o [1]
  .text            ro code  0x08003124     0x4  startup_stm32f10x_cl.o [1]
  .text            ro code  0x08003128     0x4  startup_stm32f10x_cl.o [1]
  .text            ro code  0x0800312c     0x4  startup_stm32f10x_cl.o [1]
  .text            ro code  0x08003130     0x4  startup_stm32f10x_cl.o [1]
  .text            ro code  0x08003134     0x4  startup_stm32f10x_cl.o [1]
  .text            ro code  0x08003138     0x4  startup_stm32f10x_cl.o [1]
  .text            ro code  0x0800313c     0x4  startup_stm32f10x_cl.o [1]
  .text            ro code  0x08003140     0x4  startup_stm32f10x_cl.o [1]
  .text            ro code  0x08003144     0x4  startup_stm32f10x_cl.o [1]
  .text            ro code  0x08003148     0x4  startup_stm32f10x_cl.o [1]
  .text            ro code  0x0800314c     0x4  startup_stm32f10x_cl.o [1]
  .text            ro code  0x08003150     0x4  startup_stm32f10x_cl.o [1]
  .text            ro code  0x08003154     0x4  startup_stm32f10x_cl.o [1]
  .text            ro code  0x08003158     0x4  startup_stm32f10x_cl.o [1]
  .text            ro code  0x0800315c     0x4  startup_stm32f10x_cl.o [1]
  .text            ro code  0x08003160     0x4  startup_stm32f10x_cl.o [1]
  .text            ro code  0x08003164     0x4  startup_stm32f10x_cl.o [1]
  .text            ro code  0x08003168     0x4  startup_stm32f10x_cl.o [1]
  .text            ro code  0x0800316c     0x4  startup_stm32f10x_cl.o [1]
  .text            ro code  0x08003170     0x4  startup_stm32f10x_cl.o [1]
  .text            ro code  0x08003174     0x4  startup_stm32f10x_cl.o [1]
  .text            ro code  0x08003178     0x4  startup_stm32f10x_cl.o [1]
  .text            ro code  0x0800317c     0x4  startup_stm32f10x_cl.o [1]
  .text            ro code  0x08003180     0x4  startup_stm32f10x_cl.o [1]
  .text            ro code  0x08003184     0x4  startup_stm32f10x_cl.o [1]
  .text            ro code  0x08003188     0x4  startup_stm32f10x_cl.o [1]
  .text            ro code  0x0800318c     0x4  startup_stm32f10x_cl.o [1]
  .text            ro code  0x08003190     0x4  startup_stm32f10x_cl.o [1]
  .text            ro code  0x08003194     0x4  startup_stm32f10x_cl.o [1]
  .text            ro code  0x08003198     0x4  startup_stm32f10x_cl.o [1]
  .text            ro code  0x0800319c     0x4  startup_stm32f10x_cl.o [1]
  .text            ro code  0x080031a0     0x4  startup_stm32f10x_cl.o [1]
  .text            ro code  0x080031a4     0x4  startup_stm32f10x_cl.o [1]
  .text            ro code  0x080031a8     0x4  startup_stm32f10x_cl.o [1]
  .text            ro code  0x080031ac     0x4  startup_stm32f10x_cl.o [1]
  .text            ro code  0x080031b0     0x4  startup_stm32f10x_cl.o [1]
  .text            ro code  0x080031b4     0x4  startup_stm32f10x_cl.o [1]
  .text            ro code  0x080031b8     0x4  startup_stm32f10x_cl.o [1]
  .text            ro code  0x080031bc     0x4  startup_stm32f10x_cl.o [1]
  .text            ro code  0x080031c0     0x4  startup_stm32f10x_cl.o [1]
  .text            ro code  0x080031c4     0x4  startup_stm32f10x_cl.o [1]
  .rodata          const    0x080031c8     0x0  zero_init3.o [5]
                          - 0x080031c8  0x3078

"P2", part 1 of 2:                        0x14
  .bss             zero     0x20000000     0x4  main.o [1]
  .bss             zero     0x20000004     0x4  touch.o [1]
  .bss             zero     0x20000008     0x4  touch.o [1]
  .bss             zero     0x2000000c     0x2  lcd.o [1]
  .bss             zero     0x2000000e     0x2  touch.o [1]
  .bss             zero     0x20000010     0x2  touch.o [1]
                          - 0x20000012    0x12

"P2", part 2 of 2:                      0x1000
  CSTACK                    0x20000018  0x1000  <Block>
    CSTACK         uninit   0x20000018  0x1000  <Block tail>
                          - 0x20001018  0x1000


*******************************************************************************
*** INIT TABLE
***

          Address     Size
          -------     ----
Zero (__iar_zero_init3)
    1 destination range, total size 0x12:
          0x20000000  0x12



*******************************************************************************
*** MODULE SUMMARY
***

    Module                  ro code  ro data  rw data
    ------                  -------  -------  -------
C:\Users\pnu1\Documents\project_test_w3_G1\Debug\Obj: [1]
    lcd.o                     2 944    4 088        2
    main.o                      436       12        4
    startup_stm32f10x_cl.o      632
    stm32f10x_adc.o             416
    stm32f10x_dma.o              88
    stm32f10x_gpio.o            220
    stm32f10x_it.o               18
    stm32f10x_rcc.o              72
    system_stm32f10x.o          420
    touch.o                   1 860                12
    -------------------------------------------------
    Total:                    7 106    4 100       18

command line: [2]
    -------------------------------------------------
    Total:

dl7M_tln.a: [3]
    abs.o                         8
    exit.o                        4
    low_level_init.o              4
    -------------------------------------------------
    Total:                       16

m7M_tl.a: [4]
    DblToS32.o                   58
    FltAdd.o                    214
    FltCmpGe.o                   36
    FltCmpLe.o                   36
    FltDiv.o                    252
    FltMul.o                    216
    FltSub.o                    128
    FltToS32.o                   42
    S32ToFlt.o                   36
    U32ToDbl.o                   26
    U32ToFlt.o                   28
    sqrt.o                      242
    -------------------------------------------------
    Total:                    1 314

rt7M_tl.a: [5]
    cexit.o                      10
    cmain.o                      30
    cstartup_M.o                 12
    data_init.o                  40
    zero_init3.o                 64
    -------------------------------------------------
    Total:                      156

shb_l.a: [6]
    exit.o                       20
    -------------------------------------------------
    Total:                       20

    Gaps                         14        2
    Linker created                        16    4 096
-----------------------------------------------------
    Grand Total:              8 626    4 118    4 114


*******************************************************************************
*** ENTRY LIST
***

Entry                      Address   Size  Type      Object
-----                      -------   ----  ----      ------
.iar.init_table$$Base   0x0800301c          --   Gb  - Linker created -
.iar.init_table$$Limit  0x0800302c          --   Gb  - Linker created -
?main                   0x0800302d         Code  Gb  cmain.o [5]
ADC_Cmd                 0x08002c63   0x1a  Code  Gb  stm32f10x_adc.o [1]
ADC_Configure           0x08002a9b   0x74  Code  Gb  main.o [1]
ADC_DMACmd              0x08002c7d   0x1a  Code  Gb  stm32f10x_adc.o [1]
ADC_GetCalibrationStatus
                        0x08002cbd   0x12  Code  Gb  stm32f10x_adc.o [1]
ADC_GetResetCalibrationStatus
                        0x08002ca1   0x12  Code  Gb  stm32f10x_adc.o [1]
ADC_Init                0x08002c19   0x4a  Code  Gb  stm32f10x_adc.o [1]
ADC_RegularChannelConfig
                        0x08002ce9   0xc6  Code  Gb  stm32f10x_adc.o [1]
ADC_ResetCalibration    0x08002c97    0xa  Code  Gb  stm32f10x_adc.o [1]
ADC_SoftwareStartConvCmd
                        0x08002ccf   0x1a  Code  Gb  stm32f10x_adc.o [1]
ADC_StartCalibration    0x08002cb3    0xa  Code  Gb  stm32f10x_adc.o [1]
ADC_Value               0x20000000    0x4  Data  Gb  main.o [1]
ADS_Read_AD             0x08000e51   0x9e  Code  Gb  touch.o [1]
ADS_Read_XY             0x08000eef   0xae  Code  Gb  touch.o [1]
ADS_Write_Byte          0x08000dfd   0x52  Code  Gb  touch.o [1]
BusFault_Handler        0x0800307b    0x2  Code  Gb  stm32f10x_it.o [1]
CSTACK$$Base            0x20000018          --   Gb  - Linker created -
CSTACK$$Limit           0x20001018          --   Gb  - Linker created -
DMA_Cmd                 0x08002df5   0x1c  Code  Gb  stm32f10x_dma.o [1]
DMA_Configure           0x08002b0f   0x4a  Code  Gb  main.o [1]
DMA_Init                0x08002db9   0x3c  Code  Gb  stm32f10x_dma.o [1]
DebugMon_Handler        0x08003081    0x2  Code  Gb  stm32f10x_it.o [1]
DeviceCode              0x2000000c    0x2  Data  Gb  lcd.o [1]
Drow_Touch_Point        0x080011a7   0x68  Code  Gb  touch.o [1]
GBHZ_16                 0x0800205c  0x594  Data  Gb  lcd.o [1]
GPIO_Configure          0x08002a83   0x18  Code  Gb  main.o [1]
GPIO_Init               0x08000cd1   0xc4  Code  Gb  stm32f10x_gpio.o [1]
GPIO_ReadInputData      0x08000d95    0x6  Code  Gb  stm32f10x_gpio.o [1]
GPIO_ResetBits          0x08000da1    0x6  Code  Gb  stm32f10x_gpio.o [1]
GPIO_SetBits            0x08000d9b    0x6  Code  Gb  stm32f10x_gpio.o [1]
GPIO_Write              0x08000da7    0x6  Code  Gb  stm32f10x_gpio.o [1]
HardFault_Handler       0x08003077    0x2  Code  Gb  stm32f10x_it.o [1]
LCD_Clear               0x080006b9   0x28  Code  Gb  lcd.o [1]
LCD_Configuration       0x080002a5   0x9c  Code  Lc  lcd.o [1]
LCD_Delay               0x08000341   0x26  Code  Lc  lcd.o [1]
LCD_DrawLine            0x08000777  0x110  Code  Gb  lcd.o [1]
LCD_DrawPoint           0x0800075f   0x18  Code  Gb  lcd.o [1]
LCD_Init                0x0800037f  0x33a  Code  Gb  lcd.o [1]
LCD_ReadReg             0x080001ed   0x90  Code  Lc  lcd.o [1]
LCD_SetCursor           0x080006e1   0x3e  Code  Gb  lcd.o [1]
LCD_ShowChar            0x08000887  0x100  Code  Gb  lcd.o [1]
LCD_ShowCharString      0x08000987   0x58  Code  Gb  lcd.o [1]
LCD_ShowHzString        0x08000c4f   0x62  Code  Gb  lcd.o [1]
LCD_ShowNum             0x080009df   0xe8  Code  Gb  lcd.o [1]
LCD_ShowString          0x08000ac7   0x5e  Code  Gb  lcd.o [1]
LCD_WR_DATA             0x0800019f   0x4e  Code  Lc  lcd.o [1]
LCD_WR_REG              0x08000151   0x4e  Code  Lc  lcd.o [1]
LCD_WindowMax           0x0800071f   0x40  Code  Gb  lcd.o [1]
LCD_WriteRAM            0x0800029b    0xa  Code  Lc  lcd.o [1]
LCD_WriteRAM_Prepare    0x08000291    0xa  Code  Lc  lcd.o [1]
LCD_WriteReg            0x0800027d   0x14  Code  Lc  lcd.o [1]
MemManage_Handler       0x08003079    0x2  Code  Gb  stm32f10x_it.o [1]
NMI_Handler             0x08003075    0x2  Code  Gb  stm32f10x_it.o [1]
PendSV_Handler          0x08003083    0x2  Code  Gb  stm32f10x_it.o [1]
RCC_AHBPeriphClockCmd   0x08000dad   0x20  Code  Gb  stm32f10x_rcc.o [1]
RCC_APB2PeriphClockCmd  0x08000dcd   0x20  Code  Gb  stm32f10x_rcc.o [1]
RCC_Configure           0x08002a65   0x1e  Code  Gb  main.o [1]
Read_ADSX               0x08000f9d   0x1c  Code  Gb  touch.o [1]
Read_ADSY               0x08000fb9   0x1c  Code  Gb  touch.o [1]
Refreshes_Screen        0x0800120f    0xc  Code  Gb  touch.o [1]
Region$$Table$$Base     0x0800301c          --   Gb  - Linker created -
Region$$Table$$Limit    0x0800302c          --   Gb  - Linker created -
SVC_Handler             0x0800307f    0x2  Code  Gb  stm32f10x_it.o [1]
SetSysClock             0x08002e77    0x8  Code  Lc  system_stm32f10x.o [1]
SetSysClockTo72         0x08002e7f  0x110  Code  Lc  system_stm32f10x.o [1]
SysTick_Handler         0x08003085    0x2  Code  Gb  stm32f10x_it.o [1]
SystemInit              0x08002e11   0x66  Code  Gb  system_stm32f10x.o [1]
Touch_Adjust            0x0800121b  0x2ee  Code  Gb  touch.o [1]
Touch_Configuration     0x08001155   0x52  Code  Gb  touch.o [1]
Touch_GetXY             0x08001115   0x40  Code  Gb  touch.o [1]
Touch_GexX              0x08000fd5   0xa0  Code  Gb  touch.o [1]
Touch_GexY              0x08001075   0xa0  Code  Gb  touch.o [1]
UsageFault_Handler      0x0800307d    0x2  Code  Gb  stm32f10x_it.o [1]
WriteOneHz              0x08000b6d   0xe2  Code  Lc  lcd.o [1]
__aeabi_cfcmple         0x080017a5         Code  Gb  FltCmpLe.o [4]
__aeabi_cfrcmple        0x080017c9         Code  Gb  FltCmpGe.o [4]
__aeabi_d2iz            0x08001651         Code  Gb  DblToS32.o [4]
__aeabi_f2iz            0x08001969         Code  Gb  FltToS32.o [4]
__aeabi_fdiv            0x080016a9         Code  Gb  FltDiv.o [4]
__aeabi_fmul            0x08001811         Code  Gb  FltMul.o [4]
__aeabi_fsub            0x080018e9         Code  Gb  FltSub.o [4]
__aeabi_i2f             0x080017ed         Code  Gb  S32ToFlt.o [4]
__aeabi_ui2d            0x08001541         Code  Gb  U32ToDbl.o [4]
__aeabi_ui2f            0x0800168d         Code  Gb  U32ToFlt.o [4]
__cmain                 0x0800302d         Code  Gb  cmain.o [5]
__exit                  0x08003061   0x14  Code  Gb  exit.o [6]
__iar_data_init3        0x08002ff5   0x28  Code  Gb  data_init.o [5]
__iar_fadd              0x080018f5         Code  Gb  FltSub.o [4]
__iar_fsub              0x08001995         Code  Gb  FltAdd.o [4]
__iar_fsubStart         0x080019a5         Code  Gb  FltAdd.o [4]
__iar_program_start     0x080030a5         Code  Gb  cstartup_M.o [5]
__iar_sqrt64            0x0800155d         Code  Gb  sqrt.o [4]
__iar_systems$$module {Abs}
                        0x00000001         Data  Gb  command line/config [2]
__iar_zero_init3        0x08002fb5   0x40  Code  Gb  zero_init3.o [5]
__low_level_init        0x0800304b    0x4  Code  Gb  low_level_init.o [3]
__vector_table          0x08000000         Data  Gb  startup_stm32f10x_cl.o [1]
_call_main              0x08003039         Code  Gb  cmain.o [5]
_exit                   0x08003055         Code  Gb  cexit.o [5]
_main                   0x08003047         Code  Gb  cmain.o [5]
abs                     0x08000df5    0x8  Code  Gb  abs.o [3]
asc2_1206               0x080025f0  0x474  Data  Gb  lcd.o [1]
asc2_1608               0x08001a6c  0x5f0  Data  Gb  lcd.o [1]
exit                    0x0800304f    0x4  Code  Gb  exit.o [3]
findHzIndex             0x08000b25   0x48  Code  Lc  lcd.o [1]
main                    0x08002b59   0xa8  Code  Gb  main.o [1]
mypow                   0x08000367   0x18  Code  Lc  lcd.o [1]
sqrt                    0x0800155d         Code  Gb  sqrt.o [4]
sqrtl                   0x0800155d         Code  Gb  sqrt.o [4]
xfac                    0x20000004    0x4  Data  Gb  touch.o [1]
xoff                    0x2000000e    0x2  Data  Gb  touch.o [1]
yfac                    0x20000008    0x4  Data  Gb  touch.o [1]
yoff                    0x20000010    0x2  Data  Gb  touch.o [1]


[1] = C:\Users\pnu1\Documents\project_test_w3_G1\Debug\Obj
[2] = command line
[3] = dl7M_tln.a
[4] = m7M_tl.a
[5] = rt7M_tl.a
[6] = shb_l.a

  8 626 bytes of readonly  code memory
  4 118 bytes of readonly  data memory
  4 114 bytes of readwrite data memory

Errors: none
Warnings: none
